// Jest Snapshot v1, https://goo.gl/fbAQLP

exports[`Todo snapshot validation Todo should match snapshot 1`] = `
<div
  className="todoWrapper"
>
  <div
    className="todoHeader"
  >
    <h2
      data-testid="todoListHeader"
    >
      My ToDo List
    </h2>
    <label>
      Thu Jun 16 2022
    </label>
  </div>
  <div
    className="todoContent"
  >
    <div
      className="categoriesWrapper"
      data-testid="categoriesComponent"
    >
      <ul>
        <p
          className="categorySection"
        >
          <li
            className="listCategory activeCategory"
            onClick={[Function]}
          >
            <span
              data-testid="intro"
            >
              intro
            </span>
          </li>
          <svg
            className="icon"
            data-testid="intro-delete"
            fill="none"
            height="1em"
            onClick={[Function]}
            stroke="currentColor"
            strokeLinecap="round"
            strokeLinejoin="round"
            strokeWidth="2"
            style={
              Object {
                "color": undefined,
              }
            }
            viewBox="0 0 24 24"
            width="1em"
            xmlns="http://www.w3.org/2000/svg"
          >
            <path
              d="M21 4H8l-7 8 7 8h13a2 2 0 0 0 2-2V6a2 2 0 0 0-2-2z"
            />
            <line
              x1="18"
              x2="12"
              y1="9"
              y2="15"
            />
            <line
              x1="12"
              x2="18"
              y1="9"
              y2="15"
            />
          </svg>
        </p>
      </ul>
    </div>
    <div
      className="toDoListWrapper"
    >
      <ul>
        <div
          className="toDoListItem"
        >
          <div
            className="todoListItemIcon"
            onClick={[Function]}
          >
            <svg
              fill="currentColor"
              height="1em"
              stroke="currentColor"
              strokeWidth="0"
              style={
                Object {
                  "color": undefined,
                }
              }
              viewBox="0 0 24 24"
              width="1em"
              xmlns="http://www.w3.org/2000/svg"
            >
              <path
                d="M7 5c-1.103 0-2 .897-2 2v10c0 1.103.897 2 2 2h10c1.103 0 2-.897 2-2V7c0-1.103-.897-2-2-2H7zm0 12V7h10l.002 10H7z"
              />
            </svg>
          </div>
          <div>
            <li>
              <div
                className="categoryToggle"
                data-testid="Hi there "
              >
                Hi there 
              </div>
            </li>
          </div>
          <div
            className="todoListItemIcon todoListItemDeleteIcon"
          >
            <svg
              baseProfile="tiny"
              fill="currentColor"
              height="1em"
              onClick={[Function]}
              stroke="currentColor"
              strokeWidth="0"
              style={
                Object {
                  "color": undefined,
                }
              }
              version="1.2"
              viewBox="0 0 24 24"
              width="1em"
              xmlns="http://www.w3.org/2000/svg"
            >
              <path
                d="M12 3c-4.963 0-9 4.038-9 9s4.037 9 9 9 9-4.038 9-9-4.037-9-9-9zm0 16c-3.859 0-7-3.14-7-7s3.141-7 7-7 7 3.14 7 7-3.141 7-7 7zM12.707 12l2.646-2.646c.194-.194.194-.512 0-.707-.195-.194-.513-.194-.707 0l-2.646 2.646-2.646-2.647c-.195-.194-.513-.194-.707 0-.195.195-.195.513 0 .707l2.646 2.647-2.646 2.646c-.195.195-.195.513 0 .707.097.098.225.147.353.147s.256-.049.354-.146l2.646-2.647 2.646 2.646c.098.098.226.147.354.147s.256-.049.354-.146c.194-.194.194-.512 0-.707l-2.647-2.647z"
              />
            </svg>
          </div>
        </div>
        <div
          className="toDoListItem"
        >
          <div
            className="todoListItemIcon"
            onClick={[Function]}
          >
            <svg
              fill="currentColor"
              height="1em"
              stroke="currentColor"
              strokeWidth="0"
              style={
                Object {
                  "color": undefined,
                }
              }
              viewBox="0 0 24 24"
              width="1em"
              xmlns="http://www.w3.org/2000/svg"
            >
              <path
                d="M7 5c-1.103 0-2 .897-2 2v10c0 1.103.897 2 2 2h10c1.103 0 2-.897 2-2V7c0-1.103-.897-2-2-2H7zm0 12V7h10l.002 10H7z"
              />
              <path
                d="M10.996 12.556 9.7 11.285l-1.4 1.43 2.704 2.647 4.699-4.651-1.406-1.422z"
              />
            </svg>
          </div>
          <div>
            <li>
              <div
                className="categoryToggle"
                data-testid="<--- You can check items by clicking checkbox"
              >
                &lt;--- You can check items by clicking checkbox
              </div>
            </li>
          </div>
          <div
            className="todoListItemIcon todoListItemDeleteIcon"
          >
            <svg
              baseProfile="tiny"
              fill="currentColor"
              height="1em"
              onClick={[Function]}
              stroke="currentColor"
              strokeWidth="0"
              style={
                Object {
                  "color": undefined,
                }
              }
              version="1.2"
              viewBox="0 0 24 24"
              width="1em"
              xmlns="http://www.w3.org/2000/svg"
            >
              <path
                d="M12 3c-4.963 0-9 4.038-9 9s4.037 9 9 9 9-4.038 9-9-4.037-9-9-9zm0 16c-3.859 0-7-3.14-7-7s3.141-7 7-7 7 3.14 7 7-3.141 7-7 7zM12.707 12l2.646-2.646c.194-.194.194-.512 0-.707-.195-.194-.513-.194-.707 0l-2.646 2.646-2.646-2.647c-.195-.194-.513-.194-.707 0-.195.195-.195.513 0 .707l2.646 2.647-2.646 2.646c-.195.195-.195.513 0 .707.097.098.225.147.353.147s.256-.049.354-.146l2.646-2.647 2.646 2.646c.098.098.226.147.354.147s.256-.049.354-.146c.194-.194.194-.512 0-.707l-2.647-2.647z"
              />
            </svg>
          </div>
        </div>
        <div
          className="toDoListItem"
        >
          <div
            className="todoListItemIcon"
            onClick={[Function]}
          >
            <svg
              fill="currentColor"
              height="1em"
              stroke="currentColor"
              strokeWidth="0"
              style={
                Object {
                  "color": undefined,
                }
              }
              viewBox="0 0 24 24"
              width="1em"
              xmlns="http://www.w3.org/2000/svg"
            >
              <path
                d="M7 5c-1.103 0-2 .897-2 2v10c0 1.103.897 2 2 2h10c1.103 0 2-.897 2-2V7c0-1.103-.897-2-2-2H7zm0 12V7h10l.002 10H7z"
              />
            </svg>
          </div>
          <div>
            <li>
              <div
                className="categoryToggle"
                data-testid="You can delete items too --->"
              >
                You can delete items too ---&gt;
              </div>
            </li>
          </div>
          <div
            className="todoListItemIcon todoListItemDeleteIcon"
          >
            <svg
              baseProfile="tiny"
              fill="currentColor"
              height="1em"
              onClick={[Function]}
              stroke="currentColor"
              strokeWidth="0"
              style={
                Object {
                  "color": undefined,
                }
              }
              version="1.2"
              viewBox="0 0 24 24"
              width="1em"
              xmlns="http://www.w3.org/2000/svg"
            >
              <path
                d="M12 3c-4.963 0-9 4.038-9 9s4.037 9 9 9 9-4.038 9-9-4.037-9-9-9zm0 16c-3.859 0-7-3.14-7-7s3.141-7 7-7 7 3.14 7 7-3.141 7-7 7zM12.707 12l2.646-2.646c.194-.194.194-.512 0-.707-.195-.194-.513-.194-.707 0l-2.646 2.646-2.646-2.647c-.195-.194-.513-.194-.707 0-.195.195-.195.513 0 .707l2.646 2.647-2.646 2.646c-.195.195-.195.513 0 .707.097.098.225.147.353.147s.256-.049.354-.146l2.646-2.647 2.646 2.646c.098.098.226.147.354.147s.256-.049.354-.146c.194-.194.194-.512 0-.707l-2.647-2.647z"
              />
            </svg>
          </div>
        </div>
        <div
          className="toDoListItem"
        >
          <div
            className="todoListItemIcon"
            onClick={[Function]}
          >
            <svg
              fill="currentColor"
              height="1em"
              stroke="currentColor"
              strokeWidth="0"
              style={
                Object {
                  "color": undefined,
                }
              }
              viewBox="0 0 24 24"
              width="1em"
              xmlns="http://www.w3.org/2000/svg"
            >
              <path
                d="M7 5c-1.103 0-2 .897-2 2v10c0 1.103.897 2 2 2h10c1.103 0 2-.897 2-2V7c0-1.103-.897-2-2-2H7zm0 12V7h10l.002 10H7z"
              />
            </svg>
          </div>
          <div>
            <li>
              <div
                className="categoryToggle"
                data-testid="You can display multiple categories at the same time"
              >
                You can display multiple categories at the same time
              </div>
            </li>
          </div>
          <div
            className="todoListItemIcon todoListItemDeleteIcon"
          >
            <svg
              baseProfile="tiny"
              fill="currentColor"
              height="1em"
              onClick={[Function]}
              stroke="currentColor"
              strokeWidth="0"
              style={
                Object {
                  "color": undefined,
                }
              }
              version="1.2"
              viewBox="0 0 24 24"
              width="1em"
              xmlns="http://www.w3.org/2000/svg"
            >
              <path
                d="M12 3c-4.963 0-9 4.038-9 9s4.037 9 9 9 9-4.038 9-9-4.037-9-9-9zm0 16c-3.859 0-7-3.14-7-7s3.141-7 7-7 7 3.14 7 7-3.141 7-7 7zM12.707 12l2.646-2.646c.194-.194.194-.512 0-.707-.195-.194-.513-.194-.707 0l-2.646 2.646-2.646-2.647c-.195-.194-.513-.194-.707 0-.195.195-.195.513 0 .707l2.646 2.647-2.646 2.646c-.195.195-.195.513 0 .707.097.098.225.147.353.147s.256-.049.354-.146l2.646-2.647 2.646 2.646c.098.098.226.147.354.147s.256-.049.354-.146c.194-.194.194-.512 0-.707l-2.647-2.647z"
              />
            </svg>
          </div>
        </div>
      </ul>
    </div>
  </div>
  <form
    className="addSection"
    data-testid="submitForm"
    onSubmit={[Function]}
  >
    <input
      data-testid="textInput"
      onChange={[Function]}
      placeholder="Category or Item"
      type="text"
      value=""
    />
    <button
      data-testid="categorySubmit"
      id="category_submit"
      onClick={[Function]}
    >
      Add Category
    </button>
    <button
      data-testid="listItemSubmit"
      id="listItem_submit"
      onClick={[Function]}
    >
      Add item
    </button>
  </form>
</div>
`;
